2026-09-15 16:34:05.194: [INFO] CurrentProfilePath: C:\Users\miguel.polvillo\Desktop\DAW2\SERVIDOR\.metadata\.plugins\org.eclipse.swt\EBWebView\Default
2026-09-15 16:34:05.194: [INFO] Profiles total count: 1
2026-09-15 16:34:05.194: [INFO] Profile: name=Perfil 1 path=C:\Users\miguel.polvillo\Desktop\DAW2\SERVIDOR\.metadata\.plugins\org.eclipse.swt\EBWebView\Default lastActive=null
2026-09-15 16:34:05.194: [INFO] LastUsedProfileDir: C:\Users\miguel.polvillo\Desktop\DAW2\SERVIDOR\.metadata\.plugins\org.eclipse.swt\EBWebView\Default
2026-09-15 16:34:05.194: [INFO] OnDoneLoading sync enabled: 0
2026-09-15 16:34:05.194: [INFO] BookmarkModelLoaded, ids_reassigned: 0
2026-09-15 16:34:05.194: [INFO] BookmarksLoadDropped droppedNodes=0
2026-09-15 16:34:05.194: [INFO] BookmarksSnapshot Startup total=0 bar=0 other=0 mobile=0 showBar=0 showBarNTP=1
2026-09-15 16:35:03.785: [INFO] BookmarksSnapshot Shutdown total=0 bar=0 other=0 mobile=0 showBar=0 showBarNTP=1
2026-09-15 16:35:19.900: [INFO] CurrentProfilePath: C:\Users\miguel.polvillo\Desktop\DAW2\SERVIDOR\.metadata\.plugins\org.eclipse.swt\EBWebView\Default
2026-09-15 16:35:19.900: [INFO] Profiles total count: 1
2026-09-15 16:35:19.901: [INFO] Profile: name=Perfil 1 path=C:\Users\miguel.polvillo\Desktop\DAW2\SERVIDOR\.metadata\.plugins\org.eclipse.swt\EBWebView\Default lastActive=2026-09-15T16:34:23.838Z
2026-09-15 16:35:19.901: [INFO] LastUsedProfileDir: C:\Users\miguel.polvillo\Desktop\DAW2\SERVIDOR\.metadata\.plugins\org.eclipse.swt\EBWebView\Default
2026-09-15 16:35:19.901: [INFO] MostRecentlyActiveProfile: name=Perfil 1 path=C:\Users\miguel.polvillo\Desktop\DAW2\SERVIDOR\.metadata\.plugins\org.eclipse.swt\EBWebView\Default lastActive=2026-09-15T16:34:23.838Z
2026-09-15 16:35:19.901: [INFO] OnDoneLoading sync enabled: 0
2026-09-15 16:35:19.901: [INFO] BookmarkModelLoaded, ids_reassigned: 0
2026-09-15 16:35:19.901: [INFO] BookmarksLoadDropped droppedNodes=0
2026-09-15 16:35:19.901: [INFO] BookmarksSnapshot Startup total=0 bar=0 other=0 mobile=0 showBar=0 showBarNTP=1
2026-09-15 16:36:04.084: [INFO] BookmarksSnapshot Shutdown total=0 bar=0 other=0 mobile=0 showBar=0 showBarNTP=1
2026-09-15 16:59:45.312: [INFO] CurrentProfilePath: C:\Users\miguel.polvillo\Desktop\DAW2\SERVIDOR\.metadata\.plugins\org.eclipse.swt\EBWebView\Default
2026-09-15 16:59:45.312: [INFO] Profiles total count: 1
2026-09-15 16:59:45.312: [INFO] Profile: name=Perfil 1 path=C:\Users\miguel.polvillo\Desktop\DAW2\SERVIDOR\.metadata\.plugins\org.eclipse.swt\EBWebView\Default lastActive=2026-09-15T16:36:03.667Z
2026-09-15 16:59:45.312: [INFO] LastUsedProfileDir: C:\Users\miguel.polvillo\Desktop\DAW2\SERVIDOR\.metadata\.plugins\org.eclipse.swt\EBWebView\Default
2026-09-15 16:59:45.312: [INFO] MostRecentlyActiveProfile: name=Perfil 1 path=C:\Users\miguel.polvillo\Desktop\DAW2\SERVIDOR\.metadata\.plugins\org.eclipse.swt\EBWebView\Default lastActive=2026-09-15T16:36:03.667Z
2026-09-15 16:59:45.312: [INFO] OnDoneLoading sync enabled: 0
2026-09-15 16:59:45.312: [INFO] BookmarkModelLoaded, ids_reassigned: 0
2026-09-15 16:59:45.312: [INFO] BookmarksLoadDropped droppedNodes=0
2026-09-15 16:59:45.312: [INFO] BookmarksSnapshot Startup total=0 bar=0 other=0 mobile=0 showBar=0 showBarNTP=1
2026-09-15 16:59:45.448: [INFO] BookmarksSnapshot Shutdown total=0 bar=0 other=0 mobile=0 showBar=0 showBarNTP=1
2026-09-15 17:00:01.916: [INFO] CurrentProfilePath: C:\Users\miguel.polvillo\Desktop\DAW2\SERVIDOR\.metadata\.plugins\org.eclipse.swt\EBWebView\Default
2026-09-15 17:00:01.916: [INFO] Profiles total count: 1
2026-09-15 17:00:01.916: [INFO] Profile: name=Perfil 1 path=C:\Users\miguel.polvillo\Desktop\DAW2\SERVIDOR\.metadata\.plugins\org.eclipse.swt\EBWebView\Default lastActive=2026-09-15T16:36:03.667Z
2026-09-15 17:00:01.916: [INFO] LastUsedProfileDir: C:\Users\miguel.polvillo\Desktop\DAW2\SERVIDOR\.metadata\.plugins\org.eclipse.swt\EBWebView\Default
2026-09-15 17:00:01.916: [INFO] MostRecentlyActiveProfile: name=Perfil 1 path=C:\Users\miguel.polvillo\Desktop\DAW2\SERVIDOR\.metadata\.plugins\org.eclipse.swt\EBWebView\Default lastActive=2026-09-15T16:36:03.667Z
2026-09-15 17:00:01.916: [INFO] OnDoneLoading sync enabled: 0
2026-09-15 17:00:01.916: [INFO] BookmarkModelLoaded, ids_reassigned: 0
2026-09-15 17:00:01.917: [INFO] BookmarksLoadDropped droppedNodes=0
2026-09-15 17:00:01.917: [INFO] BookmarksSnapshot Startup total=0 bar=0 other=0 mobile=0 showBar=0 showBarNTP=1
2026-09-15 17:01:16.008: [INFO] BookmarksSnapshot Shutdown total=0 bar=0 other=0 mobile=0 showBar=0 showBarNTP=1
2026-09-15 17:03:00.385: [INFO] CurrentProfilePath: C:\Users\miguel.polvillo\Desktop\DAW2\SERVIDOR\.metadata\.plugins\org.eclipse.swt\EBWebView\Default
2026-09-15 17:03:00.385: [INFO] Profiles total count: 1
2026-09-15 17:03:00.385: [INFO] Profile: name=Perfil 1 path=C:\Users\miguel.polvillo\Desktop\DAW2\SERVIDOR\.metadata\.plugins\org.eclipse.swt\EBWebView\Default lastActive=2026-09-15T16:36:03.667Z
2026-09-15 17:03:00.385: [INFO] LastUsedProfileDir: C:\Users\miguel.polvillo\Desktop\DAW2\SERVIDOR\.metadata\.plugins\org.eclipse.swt\EBWebView\Default
2026-09-15 17:03:00.385: [INFO] MostRecentlyActiveProfile: name=Perfil 1 path=C:\Users\miguel.polvillo\Desktop\DAW2\SERVIDOR\.metadata\.plugins\org.eclipse.swt\EBWebView\Default lastActive=2026-09-15T16:36:03.667Z
2026-09-15 17:03:00.385: [INFO] OnDoneLoading sync enabled: 0
2026-09-15 17:03:00.385: [INFO] BookmarkModelLoaded, ids_reassigned: 0
2026-09-15 17:03:00.385: [INFO] BookmarksLoadDropped droppedNodes=0
2026-09-15 17:03:00.385: [INFO] BookmarksSnapshot Startup total=0 bar=0 other=0 mobile=0 showBar=0 showBarNTP=1
2026-09-15 17:08:03.406: [INFO] BookmarksSnapshot Shutdown total=0 bar=0 other=0 mobile=0 showBar=0 showBarNTP=1
2026-09-15 17:08:29.317: [INFO] CurrentProfilePath: C:\Users\miguel.polvillo\Desktop\DAW2\SERVIDOR\.metadata\.plugins\org.eclipse.swt\EBWebView\Default
2026-09-15 17:08:29.317: [INFO] Profiles total count: 1
2026-09-15 17:08:29.317: [INFO] Profile: name=Perfil 1 path=C:\Users\miguel.polvillo\Desktop\DAW2\SERVIDOR\.metadata\.plugins\org.eclipse.swt\EBWebView\Default lastActive=2026-09-15T16:36:03.667Z
2026-09-15 17:08:29.317: [INFO] LastUsedProfileDir: C:\Users\miguel.polvillo\Desktop\DAW2\SERVIDOR\.metadata\.plugins\org.eclipse.swt\EBWebView\Default
2026-09-15 17:08:29.317: [INFO] MostRecentlyActiveProfile: name=Perfil 1 path=C:\Users\miguel.polvillo\Desktop\DAW2\SERVIDOR\.metadata\.plugins\org.eclipse.swt\EBWebView\Default lastActive=2026-09-15T16:36:03.667Z
2026-09-15 17:08:29.317: [INFO] OnDoneLoading sync enabled: 0
2026-09-15 17:08:29.317: [INFO] BookmarkModelLoaded, ids_reassigned: 0
2026-09-15 17:08:29.317: [INFO] BookmarksLoadDropped droppedNodes=0
2026-09-15 17:08:29.317: [INFO] BookmarksSnapshot Startup total=0 bar=0 other=0 mobile=0 showBar=0 showBarNTP=1
2026-09-15 17:10:24.457: [INFO] BookmarksSnapshot Shutdown total=0 bar=0 other=0 mobile=0 showBar=0 showBarNTP=1
2026-09-15 17:14:24.255: [INFO] CurrentProfilePath: C:\Users\miguel.polvillo\Desktop\DAW2\SERVIDOR\.metadata\.plugins\org.eclipse.swt\EBWebView\Default
2026-09-15 17:14:24.255: [INFO] Profiles total count: 1
2026-09-15 17:14:24.255: [INFO] Profile: name=Perfil 1 path=C:\Users\miguel.polvillo\Desktop\DAW2\SERVIDOR\.metadata\.plugins\org.eclipse.swt\EBWebView\Default lastActive=2026-09-15T16:36:03.667Z
2026-09-15 17:14:24.255: [INFO] LastUsedProfileDir: C:\Users\miguel.polvillo\Desktop\DAW2\SERVIDOR\.metadata\.plugins\org.eclipse.swt\EBWebView\Default
2026-09-15 17:14:24.255: [INFO] MostRecentlyActiveProfile: name=Perfil 1 path=C:\Users\miguel.polvillo\Desktop\DAW2\SERVIDOR\.metadata\.plugins\org.eclipse.swt\EBWebView\Default lastActive=2026-09-15T16:36:03.667Z
2026-09-15 17:14:24.255: [INFO] OnDoneLoading sync enabled: 0
2026-09-15 17:14:24.255: [INFO] BookmarkModelLoaded, ids_reassigned: 0
2026-09-15 17:14:24.255: [INFO] BookmarksLoadDropped droppedNodes=0
2026-09-15 17:14:24.255: [INFO] BookmarksSnapshot Startup total=0 bar=0 other=0 mobile=0 showBar=0 showBarNTP=1
2026-09-15 17:16:30.274: [INFO] BookmarksSnapshot Shutdown total=0 bar=0 other=0 mobile=0 showBar=0 showBarNTP=1
2026-09-15 17:16:42.882: [INFO] CurrentProfilePath: C:\Users\miguel.polvillo\Desktop\DAW2\SERVIDOR\.metadata\.plugins\org.eclipse.swt\EBWebView\Default
2026-09-15 17:16:42.882: [INFO] Profiles total count: 1
2026-09-15 17:16:42.882: [INFO] Profile: name=Perfil 1 path=C:\Users\miguel.polvillo\Desktop\DAW2\SERVIDOR\.metadata\.plugins\org.eclipse.swt\EBWebView\Default lastActive=2026-09-15T16:36:03.667Z
2026-09-15 17:16:42.882: [INFO] LastUsedProfileDir: C:\Users\miguel.polvillo\Desktop\DAW2\SERVIDOR\.metadata\.plugins\org.eclipse.swt\EBWebView\Default
2026-09-15 17:16:42.882: [INFO] MostRecentlyActiveProfile: name=Perfil 1 path=C:\Users\miguel.polvillo\Desktop\DAW2\SERVIDOR\.metadata\.plugins\org.eclipse.swt\EBWebView\Default lastActive=2026-09-15T16:36:03.667Z
2026-09-15 17:16:42.882: [INFO] OnDoneLoading sync enabled: 0
2026-09-15 17:16:42.882: [INFO] BookmarkModelLoaded, ids_reassigned: 0
2026-09-15 17:16:42.882: [INFO] BookmarksLoadDropped droppedNodes=0
2026-09-15 17:16:42.882: [INFO] BookmarksSnapshot Startup total=0 bar=0 other=0 mobile=0 showBar=0 showBarNTP=1
2026-09-15 17:16:50.990: [INFO] BookmarksSnapshot Shutdown total=0 bar=0 other=0 mobile=0 showBar=0 showBarNTP=1
2026-09-15 17:18:47.254: [INFO] CurrentProfilePath: C:\Users\miguel.polvillo\Desktop\DAW2\SERVIDOR\.metadata\.plugins\org.eclipse.swt\EBWebView\Default
2026-09-15 17:18:47.254: [INFO] Profiles total count: 1
2026-09-15 17:18:47.254: [INFO] Profile: name=Perfil 1 path=C:\Users\miguel.polvillo\Desktop\DAW2\SERVIDOR\.metadata\.plugins\org.eclipse.swt\EBWebView\Default lastActive=2026-09-15T16:36:03.667Z
2026-09-15 17:18:47.254: [INFO] LastUsedProfileDir: C:\Users\miguel.polvillo\Desktop\DAW2\SERVIDOR\.metadata\.plugins\org.eclipse.swt\EBWebView\Default
2026-09-15 17:18:47.254: [INFO] MostRecentlyActiveProfile: name=Perfil 1 path=C:\Users\miguel.polvillo\Desktop\DAW2\SERVIDOR\.metadata\.plugins\org.eclipse.swt\EBWebView\Default lastActive=2026-09-15T16:36:03.667Z
2026-09-15 17:18:47.254: [INFO] OnDoneLoading sync enabled: 0
2026-09-15 17:18:47.254: [INFO] BookmarkModelLoaded, ids_reassigned: 0
2026-09-15 17:18:47.254: [INFO] BookmarksLoadDropped droppedNodes=0
2026-09-15 17:18:47.254: [INFO] BookmarksSnapshot Startup total=0 bar=0 other=0 mobile=0 showBar=0 showBarNTP=1
2026-09-15 17:19:32.570: [INFO] BookmarksSnapshot Shutdown total=0 bar=0 other=0 mobile=0 showBar=0 showBarNTP=1
2026-09-15 17:21:36.833: [INFO] CurrentProfilePath: C:\Users\miguel.polvillo\Desktop\DAW2\SERVIDOR\.metadata\.plugins\org.eclipse.swt\EBWebView\Default
2026-09-15 17:21:36.833: [INFO] Profiles total count: 1
2026-09-15 17:21:36.833: [INFO] Profile: name=Perfil 1 path=C:\Users\miguel.polvillo\Desktop\DAW2\SERVIDOR\.metadata\.plugins\org.eclipse.swt\EBWebView\Default lastActive=2026-09-15T16:36:03.667Z
2026-09-15 17:21:36.833: [INFO] LastUsedProfileDir: C:\Users\miguel.polvillo\Desktop\DAW2\SERVIDOR\.metadata\.plugins\org.eclipse.swt\EBWebView\Default
2026-09-15 17:21:36.833: [INFO] MostRecentlyActiveProfile: name=Perfil 1 path=C:\Users\miguel.polvillo\Desktop\DAW2\SERVIDOR\.metadata\.plugins\org.eclipse.swt\EBWebView\Default lastActive=2026-09-15T16:36:03.667Z
2026-09-15 17:21:36.833: [INFO] OnDoneLoading sync enabled: 0
2026-09-15 17:21:36.833: [INFO] BookmarkModelLoaded, ids_reassigned: 0
2026-09-15 17:21:36.833: [INFO] BookmarksLoadDropped droppedNodes=0
2026-09-15 17:21:36.833: [INFO] BookmarksSnapshot Startup total=0 bar=0 other=0 mobile=0 showBar=0 showBarNTP=1
2026-09-15 17:23:46.420: [INFO] BookmarksSnapshot Shutdown total=0 bar=0 other=0 mobile=0 showBar=0 showBarNTP=1
2026-09-15 17:23:46.491: [INFO] CurrentProfilePath: C:\Users\miguel.polvillo\Desktop\DAW2\SERVIDOR\.metadata\.plugins\org.eclipse.swt\EBWebView\Default
2026-09-15 17:23:46.491: [INFO] Profiles total count: 1
2026-09-15 17:23:46.491: [INFO] Profile: name=Perfil 1 path=C:\Users\miguel.polvillo\Desktop\DAW2\SERVIDOR\.metadata\.plugins\org.eclipse.swt\EBWebView\Default lastActive=2026-09-15T16:36:03.667Z
2026-09-15 17:23:46.491: [INFO] LastUsedProfileDir: C:\Users\miguel.polvillo\Desktop\DAW2\SERVIDOR\.metadata\.plugins\org.eclipse.swt\EBWebView\Default
2026-09-15 17:23:46.491: [INFO] MostRecentlyActiveProfile: name=Perfil 1 path=C:\Users\miguel.polvillo\Desktop\DAW2\SERVIDOR\.metadata\.plugins\org.eclipse.swt\EBWebView\Default lastActive=2026-09-15T16:36:03.667Z
2026-09-15 17:23:46.491: [INFO] OnDoneLoading sync enabled: 0
2026-09-15 17:23:46.491: [INFO] BookmarkModelLoaded, ids_reassigned: 0
2026-09-15 17:23:46.491: [INFO] BookmarksLoadDropped droppedNodes=0
2026-09-15 17:23:46.491: [INFO] BookmarksSnapshot Startup total=0 bar=0 other=0 mobile=0 showBar=0 showBarNTP=1
2026-09-15 17:45:15.751: [INFO] BookmarksSnapshot Shutdown total=0 bar=0 other=0 mobile=0 showBar=0 showBarNTP=1
2026-09-15 17:47:04.790: [INFO] CurrentProfilePath: C:\Users\miguel.polvillo\Desktop\DAW2\SERVIDOR\.metadata\.plugins\org.eclipse.swt\EBWebView\Default
2026-09-15 17:47:04.790: [INFO] Profiles total count: 1
2026-09-15 17:47:04.790: [INFO] Profile: name=Perfil 1 path=C:\Users\miguel.polvillo\Desktop\DAW2\SERVIDOR\.metadata\.plugins\org.eclipse.swt\EBWebView\Default lastActive=2026-09-15T16:36:03.667Z
2026-09-15 17:47:04.790: [INFO] LastUsedProfileDir: C:\Users\miguel.polvillo\Desktop\DAW2\SERVIDOR\.metadata\.plugins\org.eclipse.swt\EBWebView\Default
2026-09-15 17:47:04.790: [INFO] MostRecentlyActiveProfile: name=Perfil 1 path=C:\Users\miguel.polvillo\Desktop\DAW2\SERVIDOR\.metadata\.plugins\org.eclipse.swt\EBWebView\Default lastActive=2026-09-15T16:36:03.667Z
2026-09-15 17:47:04.790: [INFO] OnDoneLoading sync enabled: 0
2026-09-15 17:47:04.790: [INFO] BookmarkModelLoaded, ids_reassigned: 0
2026-09-15 17:47:04.790: [INFO] BookmarksLoadDropped droppedNodes=0
2026-09-15 17:47:04.790: [INFO] BookmarksSnapshot Startup total=0 bar=0 other=0 mobile=0 showBar=0 showBarNTP=1
2026-09-15 18:20:05.446: [INFO] BookmarksSnapshot Shutdown total=0 bar=0 other=0 mobile=0 showBar=0 showBarNTP=1
2026-09-16 15:34:21.884: [INFO] CurrentProfilePath: C:\Users\miguel.polvillo\Desktop\DAW2\DAW_2\SERVIDOR\.metadata\.plugins\org.eclipse.swt\EBWebView\Default
2026-09-16 15:34:21.884: [INFO] Profiles total count: 1
2026-09-16 15:34:21.884: [INFO] Profile: name=Perfil 1 path=C:\Users\miguel.polvillo\Desktop\DAW2\DAW_2\SERVIDOR\.metadata\.plugins\org.eclipse.swt\EBWebView\Default lastActive=2026-09-15T16:36:03.667Z
2026-09-16 15:34:21.884: [INFO] LastUsedProfileDir: C:\Users\miguel.polvillo\Desktop\DAW2\DAW_2\SERVIDOR\.metadata\.plugins\org.eclipse.swt\EBWebView\Default
2026-09-16 15:34:21.884: [INFO] MostRecentlyActiveProfile: name=Perfil 1 path=C:\Users\miguel.polvillo\Desktop\DAW2\DAW_2\SERVIDOR\.metadata\.plugins\org.eclipse.swt\EBWebView\Default lastActive=2026-09-15T16:36:03.667Z
2026-09-16 15:34:21.884: [INFO] OnDoneLoading sync enabled: 0
2026-09-16 15:34:21.884: [INFO] BookmarkModelLoaded, ids_reassigned: 0
2026-09-16 15:34:21.884: [INFO] BookmarksLoadDropped droppedNodes=0
2026-09-16 15:34:21.884: [INFO] BookmarksSnapshot Startup total=0 bar=0 other=0 mobile=0 showBar=0 showBarNTP=1
2026-09-16 15:34:57.967: [INFO] BookmarksSnapshot Shutdown total=0 bar=0 other=0 mobile=0 showBar=0 showBarNTP=1
2026-09-16 15:37:32.411: [INFO] CurrentProfilePath: C:\Users\miguel.polvillo\Desktop\DAW2\DAW_2\SERVIDOR\.metadata\.plugins\org.eclipse.swt\EBWebView\Default
2026-09-16 15:37:32.411: [INFO] Profiles total count: 1
2026-09-16 15:37:32.411: [INFO] Profile: name=Perfil 1 path=C:\Users\miguel.polvillo\Desktop\DAW2\DAW_2\SERVIDOR\.metadata\.plugins\org.eclipse.swt\EBWebView\Default lastActive=2026-09-15T16:36:03.667Z
2026-09-16 15:37:32.411: [INFO] LastUsedProfileDir: C:\Users\miguel.polvillo\Desktop\DAW2\DAW_2\SERVIDOR\.metadata\.plugins\org.eclipse.swt\EBWebView\Default
2026-09-16 15:37:32.411: [INFO] MostRecentlyActiveProfile: name=Perfil 1 path=C:\Users\miguel.polvillo\Desktop\DAW2\DAW_2\SERVIDOR\.metadata\.plugins\org.eclipse.swt\EBWebView\Default lastActive=2026-09-15T16:36:03.667Z
2026-09-16 15:37:32.411: [INFO] OnDoneLoading sync enabled: 0
2026-09-16 15:37:32.411: [INFO] BookmarkModelLoaded, ids_reassigned: 0
2026-09-16 15:37:32.411: [INFO] BookmarksLoadDropped droppedNodes=0
2026-09-16 15:37:32.411: [INFO] BookmarksSnapshot Startup total=0 bar=0 other=0 mobile=0 showBar=0 showBarNTP=1
2026-09-16 16:23:00.067: [INFO] BookmarksSnapshot Shutdown total=0 bar=0 other=0 mobile=0 showBar=0 showBarNTP=1
2026-09-17 16:24:23.682: [INFO] CurrentProfilePath: C:\Users\miguel.polvillo\Desktop\DAW2\DAW_2\SERVIDOR\.metadata\.plugins\org.eclipse.swt\EBWebView\Default
2026-09-17 16:24:23.682: [INFO] Profiles total count: 1
2026-09-17 16:24:23.682: [INFO] Profile: name=Perfil 1 path=C:\Users\miguel.polvillo\Desktop\DAW2\DAW_2\SERVIDOR\.metadata\.plugins\org.eclipse.swt\EBWebView\Default lastActive=2026-09-15T16:36:03.667Z
2026-09-17 16:24:23.682: [INFO] LastUsedProfileDir: C:\Users\miguel.polvillo\Desktop\DAW2\DAW_2\SERVIDOR\.metadata\.plugins\org.eclipse.swt\EBWebView\Default
2026-09-17 16:24:23.682: [INFO] MostRecentlyActiveProfile: name=Perfil 1 path=C:\Users\miguel.polvillo\Desktop\DAW2\DAW_2\SERVIDOR\.metadata\.plugins\org.eclipse.swt\EBWebView\Default lastActive=2026-09-15T16:36:03.667Z
2026-09-17 16:24:23.682: [INFO] OnDoneLoading sync enabled: 0
2026-09-17 16:24:23.682: [INFO] BookmarkModelLoaded, ids_reassigned: 0
2026-09-17 16:24:23.682: [INFO] BookmarksLoadDropped droppedNodes=0
2026-09-17 16:24:23.682: [INFO] BookmarksSnapshot Startup total=0 bar=0 other=0 mobile=0 showBar=0 showBarNTP=1
2026-09-17 16:24:38.664: [INFO] BookmarksSnapshot Shutdown total=0 bar=0 other=0 mobile=0 showBar=0 showBarNTP=1
2026-09-17 16:46:49.794: [INFO] CurrentProfilePath: C:\Users\miguel.polvillo\Desktop\DAW2\DAW_2\SERVIDOR\.metadata\.plugins\org.eclipse.swt\EBWebView\Default
2026-09-17 16:46:49.794: [INFO] Profiles total count: 1
2026-09-17 16:46:49.794: [INFO] Profile: name=Perfil 1 path=C:\Users\miguel.polvillo\Desktop\DAW2\DAW_2\SERVIDOR\.metadata\.plugins\org.eclipse.swt\EBWebView\Default lastActive=2026-09-15T16:36:03.667Z
2026-09-17 16:46:49.794: [INFO] LastUsedProfileDir: C:\Users\miguel.polvillo\Desktop\DAW2\DAW_2\SERVIDOR\.metadata\.plugins\org.eclipse.swt\EBWebView\Default
2026-09-17 16:46:49.794: [INFO] MostRecentlyActiveProfile: name=Perfil 1 path=C:\Users\miguel.polvillo\Desktop\DAW2\DAW_2\SERVIDOR\.metadata\.plugins\org.eclipse.swt\EBWebView\Default lastActive=2026-09-15T16:36:03.667Z
2026-09-17 16:46:49.794: [INFO] OnDoneLoading sync enabled: 0
2026-09-17 16:46:49.794: [INFO] BookmarkModelLoaded, ids_reassigned: 0
2026-09-17 16:46:49.794: [INFO] BookmarksLoadDropped droppedNodes=0
2026-09-17 16:46:49.794: [INFO] BookmarksSnapshot Startup total=0 bar=0 other=0 mobile=0 showBar=0 showBarNTP=1
2026-09-17 16:46:53.880: [INFO] BookmarksSnapshot Shutdown total=0 bar=0 other=0 mobile=0 showBar=0 showBarNTP=1
2026-09-17 16:47:14.092: [INFO] CurrentProfilePath: C:\Users\miguel.polvillo\Desktop\DAW2\DAW_2\SERVIDOR\.metadata\.plugins\org.eclipse.swt\EBWebView\Default
2026-09-17 16:47:14.092: [INFO] Profiles total count: 1
2026-09-17 16:47:14.092: [INFO] Profile: name=Perfil 1 path=C:\Users\miguel.polvillo\Desktop\DAW2\DAW_2\SERVIDOR\.metadata\.plugins\org.eclipse.swt\EBWebView\Default lastActive=2026-09-15T16:36:03.667Z
2026-09-17 16:47:14.092: [INFO] LastUsedProfileDir: C:\Users\miguel.polvillo\Desktop\DAW2\DAW_2\SERVIDOR\.metadata\.plugins\org.eclipse.swt\EBWebView\Default
2026-09-17 16:47:14.092: [INFO] MostRecentlyActiveProfile: name=Perfil 1 path=C:\Users\miguel.polvillo\Desktop\DAW2\DAW_2\SERVIDOR\.metadata\.plugins\org.eclipse.swt\EBWebView\Default lastActive=2026-09-15T16:36:03.667Z
2026-09-17 16:47:14.092: [INFO] OnDoneLoading sync enabled: 0
2026-09-17 16:47:14.092: [INFO] BookmarkModelLoaded, ids_reassigned: 0
2026-09-17 16:47:14.092: [INFO] BookmarksLoadDropped droppedNodes=0
2026-09-17 16:47:14.092: [INFO] BookmarksSnapshot Startup total=0 bar=0 other=0 mobile=0 showBar=0 showBarNTP=1
2026-09-17 16:47:20.614: [INFO] BookmarksSnapshot Shutdown total=0 bar=0 other=0 mobile=0 showBar=0 showBarNTP=1
2026-09-17 16:47:32.429: [INFO] CurrentProfilePath: C:\Users\miguel.polvillo\Desktop\DAW2\DAW_2\SERVIDOR\.metadata\.plugins\org.eclipse.swt\EBWebView\Default
2026-09-17 16:47:32.429: [INFO] Profiles total count: 1
2026-09-17 16:47:32.429: [INFO] Profile: name=Perfil 1 path=C:\Users\miguel.polvillo\Desktop\DAW2\DAW_2\SERVIDOR\.metadata\.plugins\org.eclipse.swt\EBWebView\Default lastActive=2026-09-15T16:36:03.667Z
2026-09-17 16:47:32.429: [INFO] LastUsedProfileDir: C:\Users\miguel.polvillo\Desktop\DAW2\DAW_2\SERVIDOR\.metadata\.plugins\org.eclipse.swt\EBWebView\Default
2026-09-17 16:47:32.429: [INFO] MostRecentlyActiveProfile: name=Perfil 1 path=C:\Users\miguel.polvillo\Desktop\DAW2\DAW_2\SERVIDOR\.metadata\.plugins\org.eclipse.swt\EBWebView\Default lastActive=2026-09-15T16:36:03.667Z
2026-09-17 16:47:32.429: [INFO] OnDoneLoading sync enabled: 0
2026-09-17 16:47:32.429: [INFO] BookmarkModelLoaded, ids_reassigned: 0
2026-09-17 16:47:32.429: [INFO] BookmarksLoadDropped droppedNodes=0
2026-09-17 16:47:32.429: [INFO] BookmarksSnapshot Startup total=0 bar=0 other=0 mobile=0 showBar=0 showBarNTP=1
2026-09-17 16:48:00.858: [INFO] BookmarksSnapshot Shutdown total=0 bar=0 other=0 mobile=0 showBar=0 showBarNTP=1
2026-09-17 16:48:16.075: [INFO] CurrentProfilePath: C:\Users\miguel.polvillo\Desktop\DAW2\DAW_2\SERVIDOR\.metadata\.plugins\org.eclipse.swt\EBWebView\Default
2026-09-17 16:48:16.075: [INFO] Profiles total count: 1
2026-09-17 16:48:16.075: [INFO] Profile: name=Perfil 1 path=C:\Users\miguel.polvillo\Desktop\DAW2\DAW_2\SERVIDOR\.metadata\.plugins\org.eclipse.swt\EBWebView\Default lastActive=2026-09-15T16:36:03.667Z
2026-09-17 16:48:16.075: [INFO] LastUsedProfileDir: C:\Users\miguel.polvillo\Desktop\DAW2\DAW_2\SERVIDOR\.metadata\.plugins\org.eclipse.swt\EBWebView\Default
2026-09-17 16:48:16.075: [INFO] MostRecentlyActiveProfile: name=Perfil 1 path=C:\Users\miguel.polvillo\Desktop\DAW2\DAW_2\SERVIDOR\.metadata\.plugins\org.eclipse.swt\EBWebView\Default lastActive=2026-09-15T16:36:03.667Z
2026-09-17 16:48:16.075: [INFO] OnDoneLoading sync enabled: 0
2026-09-17 16:48:16.075: [INFO] BookmarkModelLoaded, ids_reassigned: 0
2026-09-17 16:48:16.075: [INFO] BookmarksLoadDropped droppedNodes=0
2026-09-17 16:48:16.075: [INFO] BookmarksSnapshot Startup total=0 bar=0 other=0 mobile=0 showBar=0 showBarNTP=1
2026-09-17 16:48:27.792: [INFO] BookmarksSnapshot Shutdown total=0 bar=0 other=0 mobile=0 showBar=0 showBarNTP=1
2026-09-17 16:48:40.173: [INFO] CurrentProfilePath: C:\Users\miguel.polvillo\Desktop\DAW2\DAW_2\SERVIDOR\.metadata\.plugins\org.eclipse.swt\EBWebView\Default
2026-09-17 16:48:40.174: [INFO] Profiles total count: 1
2026-09-17 16:48:40.174: [INFO] Profile: name=Perfil 1 path=C:\Users\miguel.polvillo\Desktop\DAW2\DAW_2\SERVIDOR\.metadata\.plugins\org.eclipse.swt\EBWebView\Default lastActive=2026-09-15T16:36:03.667Z
2026-09-17 16:48:40.174: [INFO] LastUsedProfileDir: C:\Users\miguel.polvillo\Desktop\DAW2\DAW_2\SERVIDOR\.metadata\.plugins\org.eclipse.swt\EBWebView\Default
2026-09-17 16:48:40.174: [INFO] MostRecentlyActiveProfile: name=Perfil 1 path=C:\Users\miguel.polvillo\Desktop\DAW2\DAW_2\SERVIDOR\.metadata\.plugins\org.eclipse.swt\EBWebView\Default lastActive=2026-09-15T16:36:03.667Z
2026-09-17 16:48:40.174: [INFO] OnDoneLoading sync enabled: 0
2026-09-17 16:48:40.174: [INFO] BookmarkModelLoaded, ids_reassigned: 0
2026-09-17 16:48:40.174: [INFO] BookmarksLoadDropped droppedNodes=0
2026-09-17 16:48:40.174: [INFO] BookmarksSnapshot Startup total=0 bar=0 other=0 mobile=0 showBar=0 showBarNTP=1
2026-09-17 16:50:22.763: [INFO] BookmarksSnapshot Shutdown total=0 bar=0 other=0 mobile=0 showBar=0 showBarNTP=1
2026-09-17 16:50:39.426: [INFO] CurrentProfilePath: C:\Users\miguel.polvillo\Desktop\DAW2\DAW_2\SERVIDOR\.metadata\.plugins\org.eclipse.swt\EBWebView\Default
2026-09-17 16:50:39.426: [INFO] Profiles total count: 1
2026-09-17 16:50:39.427: [INFO] Profile: name=Perfil 1 path=C:\Users\miguel.polvillo\Desktop\DAW2\DAW_2\SERVIDOR\.metadata\.plugins\org.eclipse.swt\EBWebView\Default lastActive=2026-09-15T16:36:03.667Z
2026-09-17 16:50:39.427: [INFO] LastUsedProfileDir: C:\Users\miguel.polvillo\Desktop\DAW2\DAW_2\SERVIDOR\.metadata\.plugins\org.eclipse.swt\EBWebView\Default
2026-09-17 16:50:39.427: [INFO] MostRecentlyActiveProfile: name=Perfil 1 path=C:\Users\miguel.polvillo\Desktop\DAW2\DAW_2\SERVIDOR\.metadata\.plugins\org.eclipse.swt\EBWebView\Default lastActive=2026-09-15T16:36:03.667Z
2026-09-17 16:50:39.427: [INFO] OnDoneLoading sync enabled: 0
2026-09-17 16:50:39.427: [INFO] BookmarkModelLoaded, ids_reassigned: 0
2026-09-17 16:50:39.427: [INFO] BookmarksLoadDropped droppedNodes=0
2026-09-17 16:50:39.427: [INFO] BookmarksSnapshot Startup total=0 bar=0 other=0 mobile=0 showBar=0 showBarNTP=1
2026-09-17 16:51:53.262: [INFO] BookmarksSnapshot Shutdown total=0 bar=0 other=0 mobile=0 showBar=0 showBarNTP=1
2026-09-17 16:52:01.764: [INFO] CurrentProfilePath: C:\Users\miguel.polvillo\Desktop\DAW2\DAW_2\SERVIDOR\.metadata\.plugins\org.eclipse.swt\EBWebView\Default
2026-09-17 16:52:01.764: [INFO] Profiles total count: 1
2026-09-17 16:52:01.764: [INFO] Profile: name=Perfil 1 path=C:\Users\miguel.polvillo\Desktop\DAW2\DAW_2\SERVIDOR\.metadata\.plugins\org.eclipse.swt\EBWebView\Default lastActive=2026-09-15T16:36:03.667Z
2026-09-17 16:52:01.764: [INFO] LastUsedProfileDir: C:\Users\miguel.polvillo\Desktop\DAW2\DAW_2\SERVIDOR\.metadata\.plugins\org.eclipse.swt\EBWebView\Default
2026-09-17 16:52:01.764: [INFO] MostRecentlyActiveProfile: name=Perfil 1 path=C:\Users\miguel.polvillo\Desktop\DAW2\DAW_2\SERVIDOR\.metadata\.plugins\org.eclipse.swt\EBWebView\Default lastActive=2026-09-15T16:36:03.667Z
2026-09-17 16:52:01.764: [INFO] OnDoneLoading sync enabled: 0
2026-09-17 16:52:01.764: [INFO] BookmarkModelLoaded, ids_reassigned: 0
2026-09-17 16:52:01.764: [INFO] BookmarksLoadDropped droppedNodes=0
2026-09-17 16:52:01.764: [INFO] BookmarksSnapshot Startup total=0 bar=0 other=0 mobile=0 showBar=0 showBarNTP=1
2026-09-17 16:52:11.557: [INFO] BookmarksSnapshot Shutdown total=0 bar=0 other=0 mobile=0 showBar=0 showBarNTP=1
2026-09-17 16:52:14.968: [INFO] CurrentProfilePath: C:\Users\miguel.polvillo\Desktop\DAW2\DAW_2\SERVIDOR\.metadata\.plugins\org.eclipse.swt\EBWebView\Default
2026-09-17 16:52:14.968: [INFO] Profiles total count: 1
2026-09-17 16:52:14.968: [INFO] Profile: name=Perfil 1 path=C:\Users\miguel.polvillo\Desktop\DAW2\DAW_2\SERVIDOR\.metadata\.plugins\org.eclipse.swt\EBWebView\Default lastActive=2026-09-15T16:36:03.667Z
2026-09-17 16:52:14.968: [INFO] LastUsedProfileDir: C:\Users\miguel.polvillo\Desktop\DAW2\DAW_2\SERVIDOR\.metadata\.plugins\org.eclipse.swt\EBWebView\Default
2026-09-17 16:52:14.968: [INFO] MostRecentlyActiveProfile: name=Perfil 1 path=C:\Users\miguel.polvillo\Desktop\DAW2\DAW_2\SERVIDOR\.metadata\.plugins\org.eclipse.swt\EBWebView\Default lastActive=2026-09-15T16:36:03.667Z
2026-09-17 16:52:14.968: [INFO] OnDoneLoading sync enabled: 0
2026-09-17 16:52:14.968: [INFO] BookmarkModelLoaded, ids_reassigned: 0
2026-09-17 16:52:14.968: [INFO] BookmarksLoadDropped droppedNodes=0
2026-09-17 16:52:14.968: [INFO] BookmarksSnapshot Startup total=0 bar=0 other=0 mobile=0 showBar=0 showBarNTP=1
2026-09-17 18:54:26.363: [INFO] BookmarksSnapshot Shutdown total=0 bar=0 other=0 mobile=0 showBar=0 showBarNTP=1
